Watching for file changes with StatReloader
[06/May/2026 20:49:38] "OPTIONS /api/auth/admin-login/ HTTP/1.1" 200 0
[06/May/2026 20:49:38] "POST /api/auth/admin-login/ HTTP/1.1" 200 552
[06/May/2026 20:49:38] "OPTIONS /api/admin/menu/ HTTP/1.1" 200 0
[06/May/2026 20:49:38] "OPTIONS /api/admin/menu/ HTTP/1.1" 200 0
[06/May/2026 20:49:38] "GET /api/admin/menu/ HTTP/1.1" 200 1820
[06/May/2026 20:49:38] "GET /api/admin/menu/ HTTP/1.1" 200 1820
Method Not Allowed: /api/auth/signup/
[06/May/2026 20:49:44] "GET /api/auth/signup/ HTTP/1.1" 405 40
[06/May/2026 20:49:44,865] - Broken pipe from ('127.0.0.1', 51502)
[06/May/2026 20:51:35] "POST /api/admin/menu/ HTTP/1.1" 201 265
[06/May/2026 20:51:35] "GET /api/admin/menu/ HTTP/1.1" 200 2086
[06/May/2026 20:51:38] "OPTIONS /api/admin/menu/2/ HTTP/1.1" 200 0
[06/May/2026 20:51:38] "PATCH /api/admin/menu/2/ HTTP/1.1" 200 301
[06/May/2026 20:51:38] "GET /api/admin/menu/ HTTP/1.1" 200 2087
[06/May/2026 20:51:42] "PATCH /api/admin/menu/2/ HTTP/1.1" 200 300
[06/May/2026 20:51:42] "GET /api/admin/menu/ HTTP/1.1" 200 2086
[06/May/2026 20:51:45] "PATCH /api/admin/menu/2/ HTTP/1.1" 200 301
[06/May/2026 20:51:45] "GET /api/admin/menu/ HTTP/1.1" 200 2087
[06/May/2026 20:51:51] "GET /api/admin/menu/ HTTP/1.1" 200 2087
[06/May/2026 20:51:56] "OPTIONS /api/order/ HTTP/1.1" 200 0
[06/May/2026 20:51:56] "OPTIONS /api/dashboard/ HTTP/1.1" 200 0
[06/May/2026 20:51:56] "OPTIONS /api/dashboard/ HTTP/1.1" 200 0
[06/May/2026 20:51:56] "OPTIONS /api/order/ HTTP/1.1" 200 0
[06/May/2026 20:51:56] "GET /api/order/ HTTP/1.1" 200 2
[06/May/2026 20:51:56] "GET /api/order/ HTTP/1.1" 200 2
[06/May/2026 20:51:56] "GET /api/dashboard/ HTTP/1.1" 200 588
[06/May/2026 20:51:56] "GET /api/dashboard/ HTTP/1.1" 200 588
[06/May/2026 20:51:57] "OPTIONS /api/menu/ HTTP/1.1" 200 0
[06/May/2026 20:51:57] "OPTIONS /api/menu/ HTTP/1.1" 200 0
[06/May/2026 20:51:57] "GET /api/menu/ HTTP/1.1" 200 1785
[06/May/2026 20:51:57] "GET /api/menu/ HTTP/1.1" 200 1785
[06/May/2026 20:52:07] "GET /api/admin/menu/ HTTP/1.1" 200 2087
[06/May/2026 20:52:07] "GET /api/admin/menu/ HTTP/1.1" 200 2087
[06/May/2026 20:52:10] "OPTIONS /api/admin/menu/5/ HTTP/1.1" 200 0
[06/May/2026 20:52:10] "PATCH /api/admin/menu/5/ HTTP/1.1" 200 315
[06/May/2026 20:52:10] "GET /api/admin/menu/ HTTP/1.1" 200 2088
[06/May/2026 20:52:13] "OPTIONS /api/admin/menu/3/ HTTP/1.1" 200 0
[06/May/2026 20:52:13] "PATCH /api/admin/menu/3/ HTTP/1.1" 200 301
[06/May/2026 20:52:13] "GET /api/admin/menu/ HTTP/1.1" 200 2089
[06/May/2026 20:52:16] "OPTIONS /api/admin/menu/7/ HTTP/1.1" 200 0
[06/May/2026 20:52:16] "PATCH /api/admin/menu/7/ HTTP/1.1" 200 266
[06/May/2026 20:52:16] "GET /api/admin/menu/ HTTP/1.1" 200 2090
[06/May/2026 20:52:17] "PATCH /api/admin/menu/7/ HTTP/1.1" 200 265
[06/May/2026 20:52:18] "GET /api/admin/menu/ HTTP/1.1" 200 2089
[06/May/2026 20:52:21] "PATCH /api/admin/menu/5/ HTTP/1.1" 200 314
[06/May/2026 20:52:21] "GET /api/admin/menu/ HTTP/1.1" 200 2088
[06/May/2026 20:52:22] "PATCH /api/admin/menu/2/ HTTP/1.1" 200 300
[06/May/2026 20:52:22] "GET /api/admin/menu/ HTTP/1.1" 200 2087
[06/May/2026 20:52:24] "PATCH /api/admin/menu/3/ HTTP/1.1" 200 300
[06/May/2026 20:52:24] "GET /api/admin/menu/ HTTP/1.1" 200 2086
[06/May/2026 20:52:36] "GET /api/menu/ HTTP/1.1" 200 2086
[06/May/2026 20:52:36] "GET /api/menu/ HTTP/1.1" 200 2086
[06/May/2026 20:52:42] "GET /api/order/ HTTP/1.1" 200 2
[06/May/2026 20:52:42] "GET /api/order/ HTTP/1.1" 200 2
[06/May/2026 20:52:42] "GET /api/dashboard/ HTTP/1.1" 200 588
[06/May/2026 20:52:42] "GET /api/dashboard/ HTTP/1.1" 200 588
[06/May/2026 20:52:46] "GET /api/order/ HTTP/1.1" 200 2
[06/May/2026 20:52:46] "GET /api/dashboard/ HTTP/1.1" 200 588
[06/May/2026 20:52:47] "GET /api/order/ HTTP/1.1" 200 2
[06/May/2026 20:52:47] "GET /api/dashboard/ HTTP/1.1" 200 588
[06/May/2026 20:52:47] "GET /api/order/ HTTP/1.1" 200 2
[06/May/2026 20:52:47] "GET /api/dashboard/ HTTP/1.1" 200 588
[06/May/2026 20:52:47] "GET /api/order/ HTTP/1.1" 200 2
[06/May/2026 20:52:47] "GET /api/dashboard/ HTTP/1.1" 200 588
[06/May/2026 20:52:49] "GET /api/menu/ HTTP/1.1" 200 2086
[06/May/2026 20:52:49] "GET /api/menu/ HTTP/1.1" 200 2086
[06/May/2026 20:52:50] "GET /api/order/ HTTP/1.1" 200 2
[06/May/2026 20:52:50] "GET /api/dashboard/ HTTP/1.1" 200 588
[06/May/2026 20:52:50] "GET /api/order/ HTTP/1.1" 200 2
[06/May/2026 20:52:50] "GET /api/dashboard/ HTTP/1.1" 200 588
[06/May/2026 20:52:51] "GET /api/menu/ HTTP/1.1" 200 2086
[06/May/2026 20:52:51] "GET /api/menu/ HTTP/1.1" 200 2086
[06/May/2026 20:52:53] "GET /api/admin/menu/ HTTP/1.1" 200 2086
[06/May/2026 20:52:53] "GET /api/admin/menu/ HTTP/1.1" 200 2086
[06/May/2026 20:52:56] "GET /api/order/ HTTP/1.1" 200 2
[06/May/2026 20:52:56] "GET /api/dashboard/ HTTP/1.1" 200 588
[06/May/2026 20:52:56] "GET /api/order/ HTTP/1.1" 200 2
[06/May/2026 20:52:56] "GET /api/dashboard/ HTTP/1.1" 200 588
[06/May/2026 20:52:59] "GET /api/menu/ HTTP/1.1" 200 2086
[06/May/2026 20:52:59] "GET /api/menu/ HTTP/1.1" 200 2086
[06/May/2026 20:53:33] "OPTIONS /api/auth/signup/ HTTP/1.1" 200 0
Bad Request: /api/auth/signup/
[06/May/2026 20:53:33] "POST /api/auth/signup/ HTTP/1.1" 400 31
[06/May/2026 20:53:40] "POST /api/auth/signup/ HTTP/1.1" 201 29
[06/May/2026 20:53:40] "OPTIONS /api/auth/login/ HTTP/1.1" 200 0
[06/May/2026 20:53:41] "POST /api/auth/login/ HTTP/1.1" 200 559
[06/May/2026 20:53:41] "GET /api/menu/ HTTP/1.1" 200 2086
[06/May/2026 20:53:41] "GET /api/menu/ HTTP/1.1" 200 2086
[06/May/2026 20:53:57] "GET /api/order/ HTTP/1.1" 200 2
[06/May/2026 20:53:57] "GET /api/order/ HTTP/1.1" 200 2
[06/May/2026 20:53:57] "GET /api/dashboard/ HTTP/1.1" 200 588
[06/May/2026 20:53:57] "GET /api/dashboard/ HTTP/1.1" 200 588
[06/May/2026 20:53:59] "GET /api/menu/ HTTP/1.1" 200 2086
[06/May/2026 20:53:59] "GET /api/menu/ HTTP/1.1" 200 2086
[06/May/2026 20:54:20] "GET /api/order/ HTTP/1.1" 200 2
[06/May/2026 20:54:20] "GET /api/order/ HTTP/1.1" 200 2
[06/May/2026 20:54:20] "GET /api/dashboard/ HTTP/1.1" 200 588
[06/May/2026 20:54:20] "GET /api/dashboard/ HTTP/1.1" 200 588
[06/May/2026 20:54:32] "GET /api/menu/ HTTP/1.1" 200 2086
[06/May/2026 20:54:32] "GET /api/menu/ HTTP/1.1" 200 2086
[06/May/2026 20:55:31] "POST /api/order/ HTTP/1.1" 201 304
[06/May/2026 20:55:31] "GET /api/order/ HTTP/1.1" 200 306
[06/May/2026 20:55:31] "GET /api/dashboard/ HTTP/1.1" 200 893
[06/May/2026 20:55:31] "GET /api/order/ HTTP/1.1" 200 306
[06/May/2026 20:55:31] "GET /api/dashboard/ HTTP/1.1" 200 893
C:\Users\ASUS TUF\Desktop\cafaline\backend\cafe\views.py changed, reloading.
Watching for file changes with StatReloader
[06/May/2026 20:58:25] "GET /api/dashboard/ HTTP/1.1" 200 349
[06/May/2026 20:58:25] "GET /api/order/ HTTP/1.1" 200 306
[06/May/2026 20:58:25] "GET /api/order/ HTTP/1.1" 200 306
[06/May/2026 20:58:25] "GET /api/dashboard/ HTTP/1.1" 200 349
Unauthorized: /api/dashboard/
Unauthorized: /api/order/
[06/May/2026 21:02:18] "GET /api/dashboard/ HTTP/1.1" 401 172
Unauthorized: /api/dashboard/
[06/May/2026 21:02:18] "GET /api/order/ HTTP/1.1" 401 172
Unauthorized: /api/order/
[06/May/2026 21:02:18] "GET /api/dashboard/ HTTP/1.1" 401 172
[06/May/2026 21:02:18] "GET /api/order/ HTTP/1.1" 401 172
[06/May/2026 21:02:34] "POST /api/auth/login/ HTTP/1.1" 200 558
[06/May/2026 21:02:34] "GET /api/menu/ HTTP/1.1" 200 2086
[06/May/2026 21:02:34] "GET /api/menu/ HTTP/1.1" 200 2086
[06/May/2026 21:02:37] "GET /api/order/ HTTP/1.1" 200 268
[06/May/2026 21:02:37] "GET /api/dashboard/ HTTP/1.1" 200 311
[06/May/2026 21:02:37] "GET /api/order/ HTTP/1.1" 200 268
[06/May/2026 21:02:37] "GET /api/dashboard/ HTTP/1.1" 200 311
[06/May/2026 21:02:44] "GET /api/dashboard/ HTTP/1.1" 200 311
[06/May/2026 21:02:44] "GET /api/order/ HTTP/1.1" 200 268
[06/May/2026 21:02:49] "GET /api/menu/ HTTP/1.1" 200 2086
[06/May/2026 21:02:49] "GET /api/menu/ HTTP/1.1" 200 2086
[06/May/2026 21:03:08] "POST /api/auth/signup/ HTTP/1.1" 201 29
[06/May/2026 21:03:08] "POST /api/auth/login/ HTTP/1.1" 200 552
[06/May/2026 21:03:08] "GET /api/menu/ HTTP/1.1" 200 2086
[06/May/2026 21:03:08] "GET /api/menu/ HTTP/1.1" 200 2086
[06/May/2026 21:03:14] "GET /api/dashboard/ HTTP/1.1" 200 41
[06/May/2026 21:03:14] "GET /api/order/ HTTP/1.1" 200 2
[06/May/2026 21:03:14] "GET /api/dashboard/ HTTP/1.1" 200 41
[06/May/2026 21:03:14] "GET /api/order/ HTTP/1.1" 200 2
[06/May/2026 21:03:15] "GET /api/menu/ HTTP/1.1" 200 2086
[06/May/2026 21:03:15] "GET /api/menu/ HTTP/1.1" 200 2086
[06/May/2026 21:03:24] "GET /api/menu/ HTTP/1.1" 200 2086
[06/May/2026 21:03:24] "GET /api/menu/ HTTP/1.1" 200 2086
[06/May/2026 21:03:25] "GET /api/menu/ HTTP/1.1" 200 2086
[06/May/2026 21:03:25] "GET /api/menu/ HTTP/1.1" 200 2086
[06/May/2026 21:03:26] "GET /api/menu/ HTTP/1.1" 200 2086
[06/May/2026 21:03:26] "GET /api/menu/ HTTP/1.1" 200 2086
[06/May/2026 21:03:34] "GET /api/menu/ HTTP/1.1" 200 2086
[06/May/2026 21:03:34] "GET /api/menu/ HTTP/1.1" 200 2086
[06/May/2026 21:03:37] "GET /api/dashboard/ HTTP/1.1" 200 41
[06/May/2026 21:03:37] "GET /api/order/ HTTP/1.1" 200 2
[06/May/2026 21:03:37] "GET /api/dashboard/ HTTP/1.1" 200 41
[06/May/2026 21:03:37] "GET /api/order/ HTTP/1.1" 200 2
[06/May/2026 21:03:39] "GET /api/order/ HTTP/1.1" 200 2
[06/May/2026 21:03:39] "GET /api/dashboard/ HTTP/1.1" 200 41
[06/May/2026 21:03:39] "GET /api/order/ HTTP/1.1" 200 2
[06/May/2026 21:03:39] "GET /api/dashboard/ HTTP/1.1" 200 41
[06/May/2026 21:03:40] "GET /api/order/ HTTP/1.1" 200 2
[06/May/2026 21:03:40] "GET /api/dashboard/ HTTP/1.1" 200 41
[06/May/2026 21:03:40] "GET /api/order/ HTTP/1.1" 200 2
[06/May/2026 21:03:40] "GET /api/dashboard/ HTTP/1.1" 200 41
[06/May/2026 21:03:40] "GET /api/order/ HTTP/1.1" 200 2
[06/May/2026 21:03:40] "GET /api/dashboard/ HTTP/1.1" 200 41
[06/May/2026 21:03:40] "GET /api/order/ HTTP/1.1" 200 2
[06/May/2026 21:03:40] "GET /api/dashboard/ HTTP/1.1" 200 41
[06/May/2026 21:03:41] "GET /api/order/ HTTP/1.1" 200 2
[06/May/2026 21:03:41] "GET /api/dashboard/ HTTP/1.1" 200 41
[06/May/2026 21:03:41] "GET /api/dashboard/ HTTP/1.1" 200 41
[06/May/2026 21:03:41] "GET /api/order/ HTTP/1.1" 200 2
[06/May/2026 21:03:41] "GET /api/dashboard/ HTTP/1.1" 200 41
[06/May/2026 21:03:41] "GET /api/order/ HTTP/1.1" 200 2
[06/May/2026 21:03:41] "GET /api/dashboard/ HTTP/1.1" 200 41
[06/May/2026 21:03:41] "GET /api/order/ HTTP/1.1" 200 2
[06/May/2026 21:03:41] "GET /api/order/ HTTP/1.1" 200 2
[06/May/2026 21:03:41] "GET /api/dashboard/ HTTP/1.1" 200 41
[06/May/2026 21:03:41] "GET /api/order/ HTTP/1.1" 200 2
[06/May/2026 21:03:41] "GET /api/dashboard/ HTTP/1.1" 200 41
[06/May/2026 21:04:19] "POST /api/auth/admin-login/ HTTP/1.1" 200 552
[06/May/2026 21:04:19] "GET /api/admin/menu/ HTTP/1.1" 200 2086
[06/May/2026 21:04:19] "GET /api/admin/menu/ HTTP/1.1" 200 2086
[06/May/2026 21:04:27] "GET /api/admin/menu/ HTTP/1.1" 200 2086
[06/May/2026 21:04:27] "GET /api/admin/menu/ HTTP/1.1" 200 2086
C:\Users\ASUS TUF\Desktop\cafaline\backend\users\urls.py changed, reloading.
Watching for file changes with StatReloader
C:\Users\ASUS TUF\Desktop\cafaline\backend\cafe\views.py changed, reloading.
Watching for file changes with StatReloader
C:\Users\ASUS TUF\Desktop\cafaline\backend\cafe\serializers.py changed, reloading.
Watching for file changes with StatReloader
[06/May/2026 21:08:16] "POST /api/auth/login/ HTTP/1.1" 200 558
[06/May/2026 21:08:16] "GET /api/menu/ HTTP/1.1" 200 2086
[06/May/2026 21:08:16] "GET /api/menu/ HTTP/1.1" 200 2086
[06/May/2026 21:08:26] "GET /api/dashboard/ HTTP/1.1" 200 311
[06/May/2026 21:08:26] "GET /api/order/ HTTP/1.1" 200 268
[06/May/2026 21:08:26] "GET /api/order/ HTTP/1.1" 200 268
[06/May/2026 21:08:26] "GET /api/dashboard/ HTTP/1.1" 200 311
[06/May/2026 21:08:27] "GET /api/menu/ HTTP/1.1" 200 2086
[06/May/2026 21:08:27] "GET /api/menu/ HTTP/1.1" 200 2086
[06/May/2026 21:09:56] "POST /api/order/ HTTP/1.1" 201 613
[06/May/2026 21:09:56] "GET /api/order/ HTTP/1.1" 200 882
[06/May/2026 21:09:56] "GET /api/dashboard/ HTTP/1.1" 200 926
[06/May/2026 21:09:56] "GET /api/order/ HTTP/1.1" 200 882
[06/May/2026 21:09:56] "GET /api/dashboard/ HTTP/1.1" 200 926
[06/May/2026 21:11:35] "GET /api/order/ HTTP/1.1" 200 882
[06/May/2026 21:11:35] "GET /api/dashboard/ HTTP/1.1" 200 926
[06/May/2026 21:11:35] "GET /api/order/ HTTP/1.1" 200 882
[06/May/2026 21:11:35] "GET /api/dashboard/ HTTP/1.1" 200 926
[06/May/2026 21:11:35] "GET /api/dashboard/ HTTP/1.1" 200 926
[06/May/2026 21:11:35] "GET /api/order/ HTTP/1.1" 200 882
[06/May/2026 21:11:35] "GET /api/order/ HTTP/1.1" 200 882
[06/May/2026 21:11:35] "GET /api/dashboard/ HTTP/1.1" 200 926
[06/May/2026 21:11:37] "GET /api/menu/ HTTP/1.1" 200 2086
[06/May/2026 21:11:37] "GET /api/menu/ HTTP/1.1" 200 2086
[06/May/2026 21:13:35] "POST /api/auth/admin-login/ HTTP/1.1" 200 552
[06/May/2026 21:13:35] "GET /api/admin/menu/ HTTP/1.1" 200 2086
[06/May/2026 21:13:35] "GET /api/admin/menu/ HTTP/1.1" 200 2086
[06/May/2026 21:13:45] "PATCH /api/admin/menu/3/ HTTP/1.1" 200 301
[06/May/2026 21:13:45] "GET /api/admin/menu/ HTTP/1.1" 200 2087
C:\Users\ASUS TUF\Desktop\cafaline\backend\cafe\models.py changed, reloading.
Watching for file changes with StatReloader
C:\Users\ASUS TUF\Desktop\cafaline\backend\cafe\serializers.py changed, reloading.
Watching for file changes with StatReloader
[06/May/2026 21:17:20] "POST /api/auth/admin-login/ HTTP/1.1" 200 552
[06/May/2026 21:17:20] "GET /api/admin/menu/ HTTP/1.1" 200 2248
[06/May/2026 21:17:20] "GET /api/admin/menu/ HTTP/1.1" 200 2248
[06/May/2026 21:21:02] "POST /api/admin/menu/ HTTP/1.1" 201 285
[06/May/2026 21:21:02] "GET /api/admin/menu/ HTTP/1.1" 200 2534
[06/May/2026 21:21:18] "POST /api/auth/login/ HTTP/1.1" 200 558
[06/May/2026 21:21:18] "GET /api/menu/ HTTP/1.1" 200 2534
[06/May/2026 21:21:18] "GET /api/menu/ HTTP/1.1" 200 2534
[06/May/2026 21:22:47] "POST /api/order/ HTTP/1.1" 201 376
[06/May/2026 21:22:47] "GET /api/dashboard/ HTTP/1.1" 200 1303
[06/May/2026 21:22:47] "GET /api/order/ HTTP/1.1" 200 1259
[06/May/2026 21:22:47] "GET /api/dashboard/ HTTP/1.1" 200 1303
[06/May/2026 21:22:47] "GET /api/order/ HTTP/1.1" 200 1259
[06/May/2026 21:23:08] "GET /api/menu/ HTTP/1.1" 200 2534
[06/May/2026 21:23:08] "GET /api/menu/ HTTP/1.1" 200 2534
C:\Users\ASUS TUF\Desktop\cafaline\backend\cafe\models.py changed, reloading.
Watching for file changes with StatReloader
C:\Users\ASUS TUF\Desktop\cafaline\backend\cafe\serializers.py changed, reloading.
Watching for file changes with StatReloader
Unauthorized: /api/menu/
[06/May/2026 21:31:12] "GET /api/menu/ HTTP/1.1" 401 172
Unauthorized: /api/menu/
[06/May/2026 21:31:12] "GET /api/menu/ HTTP/1.1" 401 172
[06/May/2026 21:31:12] "OPTIONS /api/auth/refresh/ HTTP/1.1" 200 0
[06/May/2026 21:31:12] "POST /api/auth/refresh/ HTTP/1.1" 200 244
[06/May/2026 21:31:12] "POST /api/auth/refresh/ HTTP/1.1" 200 244
[06/May/2026 21:31:12] "GET /api/menu/ HTTP/1.1" 200 2534
[06/May/2026 21:31:12] "GET /api/menu/ HTTP/1.1" 200 2534
[06/May/2026 21:32:57] "GET /api/menu/ HTTP/1.1" 200 2534
[06/May/2026 21:32:57] "GET /api/menu/ HTTP/1.1" 200 2534
Unauthorized: /api/menu/
[06/May/2026 21:36:22] "GET /api/menu/ HTTP/1.1" 401 172
[06/May/2026 21:36:22] "POST /api/auth/refresh/ HTTP/1.1" 200 244
[06/May/2026 21:36:22] "GET /api/menu/ HTTP/1.1" 200 2534
[06/May/2026 21:39:59] "GET /api/menu/ HTTP/1.1" 200 2534
[06/May/2026 21:39:59] "GET /api/menu/ HTTP/1.1" 200 2534
[06/May/2026 21:40:02] "GET /api/order/ HTTP/1.1" 200 1259
[06/May/2026 21:40:02] "GET /api/dashboard/ HTTP/1.1" 200 1303
[06/May/2026 21:40:02] "GET /api/order/ HTTP/1.1" 200 1259
[06/May/2026 21:40:02] "GET /api/dashboard/ HTTP/1.1" 200 1303
[06/May/2026 21:40:04] "GET /api/order/ HTTP/1.1" 200 1259
[06/May/2026 21:40:04] "GET /api/dashboard/ HTTP/1.1" 200 1303
[06/May/2026 21:40:08] "GET /api/menu/ HTTP/1.1" 200 2534
[06/May/2026 21:40:08] "GET /api/menu/ HTTP/1.1" 200 2534
Unauthorized: /api/dashboard/
Unauthorized: /api/order/
[06/May/2026 21:44:10] "GET /api/dashboard/ HTTP/1.1" 401 172
[06/May/2026 21:44:10] "GET /api/order/ HTTP/1.1" 401 172
Unauthorized: /api/dashboard/
Unauthorized: /api/order/
[06/May/2026 21:44:10] "GET /api/dashboard/ HTTP/1.1" 401 172
[06/May/2026 21:44:10] "GET /api/order/ HTTP/1.1" 401 172
[06/May/2026 21:44:10] "POST /api/auth/refresh/ HTTP/1.1" 200 244
[06/May/2026 21:44:10] "POST /api/auth/refresh/ HTTP/1.1" 200 244
[06/May/2026 21:44:10] "POST /api/auth/refresh/ HTTP/1.1" 200 244
[06/May/2026 21:44:10] "POST /api/auth/refresh/ HTTP/1.1" 200 244
[06/May/2026 21:44:10] "GET /api/dashboard/ HTTP/1.1" 200 1303
[06/May/2026 21:44:10] "GET /api/order/ HTTP/1.1" 200 1259
[06/May/2026 21:44:10] "GET /api/order/ HTTP/1.1" 200 1259
[06/May/2026 21:44:10] "GET /api/dashboard/ HTTP/1.1" 200 1303
[06/May/2026 21:45:24] "GET /api/menu/ HTTP/1.1" 200 2534
[06/May/2026 21:45:24] "GET /api/menu/ HTTP/1.1" 200 2534
[06/May/2026 21:48:18] "POST /api/auth/login/ HTTP/1.1" 200 558
[06/May/2026 21:48:18] "GET /api/menu/ HTTP/1.1" 200 2534
[06/May/2026 21:48:18] "GET /api/menu/ HTTP/1.1" 200 2534
